[www.movingon.finance/index.html]
[backblue.gif]
[fade.gif]
[index.html]
[www.movingon.finance/assets/img/preview.png]
[www.movingon.finance/favicon/apple-touch-icon.png]
[www.movingon.finance/favicon/favicon-32x32.png]
[www.movingon.finance/favicon/favicon-16x16.png]
[www.movingon.finance/favicon/site.webmanifest]
[www.movingon.finance/favicon/safari-pinned-tab.svg]
[www.movingon.finance/favicon/favicon.ico]
[www.movingon.finance/favicon/browserconfig.xml]
[www.movingon.finance/assets/bootstrap/css/bootstrap.css]
[kit.fontawesome.com/7a7c80abc4.js]
[www.movingon.finance/assets/css/magnific-popup.css]
[www.movingon.finance/assets/owlcarousel/css/owl.carousel.min.css]
[www.movingon.finance/assets/owlcarousel/css/owl.theme.default.min.css]
[www.movingon.finance/assets/css/swiper.css]
[www.movingon.finance/assets/css/animate.css]
[www.movingon.finance/assets/css/odometer.min.css]
[www.movingon.finance/assets/css/style.css]
[www.movingon.finance/assets/css/responsive.css]
[www.movingon.finance/index2.html]
[www.movingon.finance/assets/img/home/rugfreecoins.png]
[www.movingon.finance/assets/img/home/safuaudit.png]
[www.movingon.finance/assets/img/home/bg.png]
[www.movingon.finance/assets/img/shape/shape2.png]
[www.movingon.finance/assets/img/home/features.png]
[www.movingon.finance/assets/img/features/Drive-To-Earn.png]
[www.movingon.finance/assets/img/features/Move-To-Earn.png]
[www.movingon.finance/assets/img/features/NFT.png]
[www.movingon.finance/assets/img/features/Staking.png]
[www.movingon.finance/assets/img/shape/shape1.png]
[www.movingon.finance/assets/img/home/running.png]
[www.movingon.finance/assets/img/activities/walking.png]
[www.movingon.finance/assets/img/activities/driving.png]
[www.movingon.finance/assets/img/activities/app.png]
[www.movingon.finance/assets/img/activities/running.png]
[www.movingon.finance/assets/img/activities/cycling.png]
[www.movingon.finance/assets/img/slider/1.png]
[www.movingon.finance/assets/img/slider/2.png]
[www.movingon.finance/assets/img/slider/3.png]
[www.movingon.finance/assets/img/slider/4.png]
[www.movingon.finance/assets/img/slider/5.png]
[www.movingon.finance/assets/img/slider/6.png]
[www.movingon.finance/assets/img/slider/7.png]
[www.movingon.finance/assets/img/slider/8.png]
[www.movingon.finance/assets/img/slider/9.png]
[www.movingon.finance/assets/img/shape/shape3.png]
[www.movingon.finance/assets/img/home/yahoo_finance_en-US_h_p_financev2_2.png]
[www.movingon.finance/assets/img/home/yahoo_news_en-US_h_p_newsv2_2.png]
[www.movingon.finance/assets/img/home/TechBullionLogo-3.png]
[www.movingon.finance/assets/img/home/v21_logo@2x.png]
[www.movingon.finance/assets/img/home/logo_top.79fdb8c2.png]
[www.movingon.finance/assets/js/jquery-1.12.4.min.js]
[cdn.jsdelivr.net/npm/bootstrap@5.1.3/dist/js/bootstrap.bundle.min.js]
[www.movingon.finance/assets/js/modernizr.custom.js]
[www.movingon.finance/assets/owlcarousel/js/owl.carousel.min.js]
[www.movingon.finance/assets/js/tilt.jquery.js]
[www.movingon.finance/assets/js/jquery.magnific-popup.js]
[www.movingon.finance/assets/js/jquery.counterup.js]
[www.movingon.finance/assets/js/waypoints.min.js]
[www.movingon.finance/assets/js/odometer.min.js]
[www.movingon.finance/assets/js/jquery.appear.min.js]
[www.movingon.finance/assets/js/easing.min.js]
[www.movingon.finance/assets/js/wow.min.js]
[www.movingon.finance/assets/js/swiper.js]
[www.movingon.finance/assets/js/ajaxchimp.min.js]
[www.movingon.finance/assets/js/form-contact.js]
[www.movingon.finance/assets/js/main.js]
[cdn.bootcss.com/js-cookie/latest/js.cookie.min.js_; filename_=utf-8''js.cookie.min.js]
[www.movingon.finance/assets/js/jquery.i18n.js]
[www.movingon.finance/index.html]
[www.movingon.finance/favicon/safari-pinned-tab.svg]
[www.movingon.finance/assets/bootstrap/css/bootstrap.css]
[www.movingon.finance/assets/css/magnific-popup.css]
[www.movingon.finance/assets/owlcarousel/css/owl.carousel.min.css]
[www.movingon.finance/assets/owlcarousel/css/owl.theme.default.min.css]
[www.movingon.finance/assets/css/swiper.css]
[www.movingon.finance/assets/css/animate.css]
[www.movingon.finance/assets/css/odometer.min.css]
[www.movingon.finance/assets/css/style.css]
[www.movingon.finance/assets/css/responsive.css]
[www.movingon.finance/index2.html]
[www.movingon.finance/assets/js/language.js]
